// Jest Snapshot v1, https://goo.gl/fbAQLP

exports[`gallery component gallery snapshot 1`] = `
Object {
  "asFragment": [Function],
  "baseElement": <body>
    <div>
      <div
        class="GalleryGrid"
      >
        <div
          class="grid-gallery"
        >
          <div
            class="destination"
            style="background-image: url(https://img4.farvater.travel/mapkey/33821/0?size=original);"
          >
            <div
              class="overlay"
            />
          </div>
          <div
            class="destination"
            style="background-image: url(https://img4.farvater.travel/hotelimages/7e9cdcbd-4838-4970-94d6-5181809388a0?size=original);"
          >
            <div
              class="overlay"
            />
          </div>
          <div
            class="destination"
            style="background-image: url(https://img4.farvater.travel/hotelimages/21742593-2b71-4d02-88fd-e484100e1675?size=original);"
          >
            <div
              class="overlay"
            />
          </div>
          <div
            class="destination"
            style="background-image: url(https://img4.farvater.travel/hotelimages/326b938f-18e3-4527-a70b-5aff01538c4b?size=original);"
          >
            <div
              class="overlay"
            />
          </div>
          <div
            class="destination"
            style="background-image: url(https://img4.farvater.travel/hotelimages/c8ac320d-d2ef-4af5-b599-1806aee246ea?size=original);"
          >
            <div
              class="overlay"
            />
            <span>
              +
              24
            </span>
          </div>
          <div
            class="destination"
            style="background-image: url(https://img4.farvater.travel/hotelimages/08d3b90d-b22d-4b03-849c-f226eb85b121?size=original);"
          >
            <div
              class="overlay"
            />
          </div>
          <div
            class="destination"
            style="background-image: url(https://img4.farvater.travel/hotelimages/3aec0756-154d-45fa-87a6-c77e6cdc63e6?size=original);"
          >
            <div
              class="overlay"
            />
          </div>
          <div
            class="destination"
            style="background-image: url(https://img4.farvater.travel/hotelimages/5f814817-7709-449f-934a-c08ee642ddeb?size=original);"
          >
            <div
              class="overlay"
            />
          </div>
          <div
            class="destination"
            style="background-image: url(https://img4.farvater.travel/hotelimages/64504999-d19e-45a0-9eef-7c233b1e6ad0?size=original);"
          >
            <div
              class="overlay"
            />
          </div>
          <div
            class="destination"
            style="background-image: url(https://img4.farvater.travel/hotelimages/09f4a0b2-f30b-4a32-9744-2033a2725904?size=original);"
          >
            <div
              class="overlay"
            />
          </div>
          <div
            class="destination"
            style="background-image: url(https://img4.farvater.travel/hotelimages/6de592fc-3665-4742-ad6f-4af85fd590ea?size=original);"
          >
            <div
              class="overlay"
            />
          </div>
          <div
            class="destination"
            style="background-image: url(https://img4.farvater.travel/hotelimages/06bf66de-5036-4a6d-b654-47062f1019c4?size=original);"
          >
            <div
              class="overlay"
            />
          </div>
          <div
            class="destination"
            style="background-image: url(https://img4.farvater.travel/hotelimages/2dd413dc-103a-466b-8aec-92787512852e?size=original);"
          >
            <div
              class="overlay"
            />
          </div>
          <div
            class="destination"
            style="background-image: url(https://img4.farvater.travel/hotelimages/b9f17927-676d-4cef-a712-1952885bfba2?size=original);"
          >
            <div
              class="overlay"
            />
          </div>
          <div
            class="destination"
            style="background-image: url(https://img4.farvater.travel/hotelimages/18d16982-34ea-48a2-9068-70f914bfce62?size=original);"
          >
            <div
              class="overlay"
            />
          </div>
          <div
            class="destination"
            style="background-image: url(https://img4.farvater.travel/hotelimages/51b9b64a-1a6b-4b8f-902d-aa088a55e24f?size=original);"
          >
            <div
              class="overlay"
            />
          </div>
          <div
            class="destination"
            style="background-image: url(https://img4.farvater.travel/hotelimages/a7fae15a-1964-462c-bde9-4160d99f9abf?size=original);"
          >
            <div
              class="overlay"
            />
          </div>
          <div
            class="destination"
            style="background-image: url(https://img4.farvater.travel/hotelimages/3b86571d-dbce-4fc1-928d-564cf316dc27?size=original);"
          >
            <div
              class="overlay"
            />
          </div>
          <div
            class="destination"
            style="background-image: url(https://img4.farvater.travel/hotelimages/f326435e-d122-4a18-bd0f-275ba33b411c?size=original);"
          >
            <div
              class="overlay"
            />
          </div>
          <div
            class="destination"
            style="background-image: url(https://img4.farvater.travel/hotelimages/ccfe6423-7d94-4674-8633-af56ebb915f4?size=original);"
          >
            <div
              class="overlay"
            />
          </div>
          <div
            class="destination"
            style="background-image: url(https://img4.farvater.travel/hotelimages/3401272e-35f5-4097-ab97-908a0e001429?size=original);"
          >
            <div
              class="overlay"
            />
          </div>
          <div
            class="destination"
            style="background-image: url(https://img4.farvater.travel/hotelimages/ce673d5a-17c0-40fb-a096-7331b9b0c4f8?size=original);"
          >
            <div
              class="overlay"
            />
          </div>
          <div
            class="destination"
            style="background-image: url(https://img4.farvater.travel/hotelimages/d019690d-bcf9-4556-ae11-8eae78df0be8?size=original);"
          >
            <div
              class="overlay"
            />
          </div>
          <div
            class="destination"
            style="background-image: url(https://img4.farvater.travel/hotelimages/f51c9599-a86c-4d08-9c6e-94bd6a7d92f1?size=original);"
          >
            <div
              class="overlay"
            />
          </div>
          <div
            class="destination"
            style="background-image: url(https://img4.farvater.travel/hotelimages/ded877b2-772f-4f70-81ce-a78b44562052?size=original);"
          >
            <div
              class="overlay"
            />
          </div>
          <div
            class="destination"
            style="background-image: url(https://img4.farvater.travel/hotelimages/be4fd740-0fab-4c30-b224-1529a6b1f3c0?size=original);"
          >
            <div
              class="overlay"
            />
          </div>
          <div
            class="destination"
            style="background-image: url(https://img4.farvater.travel/hotelimages/f1e42aab-c420-41ca-a603-1c647742429a?size=original);"
          >
            <div
              class="overlay"
            />
          </div>
          <div
            class="destination"
            style="background-image: url(https://img4.farvater.travel/hotelimages/6ca8ba16-d7e6-4b8e-8518-9bc7604fb556?size=original);"
          >
            <div
              class="overlay"
            />
          </div>
        </div>
        <div
          aria-hidden="true"
          class="pswp"
          role="dialog"
          tabindex="-1"
        >
          <div
            class="pswp__bg"
          />
          <div
            class="pswp__scroll-wrap"
          >
            <div
              class="pswp__container"
            >
              <div
                class="pswp__item"
              />
              <div
                class="pswp__item"
              />
              <div
                class="pswp__item"
              />
            </div>
            <div
              class="pswp__ui pswp__ui--hidden"
            >
              <div
                class="pswp__top-bar"
              >
                <div
                  class="pswp__counter"
                />
                <button
                  class="pswp__button pswp__button--close"
                  title="Close (Esc)"
                  type="button"
                />
                <button
                  class="pswp__button pswp__button--share"
                  title="Share"
                  type="button"
                />
                <button
                  class="pswp__button pswp__button--fs"
                  title="Toggle fullscreen"
                  type="button"
                />
                <button
                  class="pswp__button pswp__button--zoom"
                  title="Zoom in/out"
                  type="button"
                />
                <div
                  class="pswp__preloader"
                >
                  <div
                    class="pswp__preloader__icn"
                  >
                    <div
                      class="pswp__preloader__cut"
                    >
                      <div
                        class="pswp__preloader__donut"
                      />
                    </div>
                  </div>
                </div>
              </div>
              <div
                class="pswp__share-modal pswp__share-modal--hidden pswp__single-tap"
              >
                <div
                  class="pswp__share-tooltip"
                />
              </div>
              <button
                class="pswp__button pswp__button--arrow--left"
                title="Previous (arrow left)"
                type="button"
              />
              <button
                class="pswp__button pswp__button--arrow--right"
                title="Next (arrow right)"
                type="button"
              />
              <div
                class="pswp__caption"
              >
                <div
                  class="pswp__caption__center"
                />
              </div>
            </div>
          </div>
        </div>
      </div>
    </div>
  </body>,
  "container": <div>
    <div
      class="GalleryGrid"
    >
      <div
        class="grid-gallery"
      >
        <div
          class="destination"
          style="background-image: url(https://img4.farvater.travel/mapkey/33821/0?size=original);"
        >
          <div
            class="overlay"
          />
        </div>
        <div
          class="destination"
          style="background-image: url(https://img4.farvater.travel/hotelimages/7e9cdcbd-4838-4970-94d6-5181809388a0?size=original);"
        >
          <div
            class="overlay"
          />
        </div>
        <div
          class="destination"
          style="background-image: url(https://img4.farvater.travel/hotelimages/21742593-2b71-4d02-88fd-e484100e1675?size=original);"
        >
          <div
            class="overlay"
          />
        </div>
        <div
          class="destination"
          style="background-image: url(https://img4.farvater.travel/hotelimages/326b938f-18e3-4527-a70b-5aff01538c4b?size=original);"
        >
          <div
            class="overlay"
          />
        </div>
        <div
          class="destination"
          style="background-image: url(https://img4.farvater.travel/hotelimages/c8ac320d-d2ef-4af5-b599-1806aee246ea?size=original);"
        >
          <div
            class="overlay"
          />
          <span>
            +
            24
          </span>
        </div>
        <div
          class="destination"
          style="background-image: url(https://img4.farvater.travel/hotelimages/08d3b90d-b22d-4b03-849c-f226eb85b121?size=original);"
        >
          <div
            class="overlay"
          />
        </div>
        <div
          class="destination"
          style="background-image: url(https://img4.farvater.travel/hotelimages/3aec0756-154d-45fa-87a6-c77e6cdc63e6?size=original);"
        >
          <div
            class="overlay"
          />
        </div>
        <div
          class="destination"
          style="background-image: url(https://img4.farvater.travel/hotelimages/5f814817-7709-449f-934a-c08ee642ddeb?size=original);"
        >
          <div
            class="overlay"
          />
        </div>
        <div
          class="destination"
          style="background-image: url(https://img4.farvater.travel/hotelimages/64504999-d19e-45a0-9eef-7c233b1e6ad0?size=original);"
        >
          <div
            class="overlay"
          />
        </div>
        <div
          class="destination"
          style="background-image: url(https://img4.farvater.travel/hotelimages/09f4a0b2-f30b-4a32-9744-2033a2725904?size=original);"
        >
          <div
            class="overlay"
          />
        </div>
        <div
          class="destination"
          style="background-image: url(https://img4.farvater.travel/hotelimages/6de592fc-3665-4742-ad6f-4af85fd590ea?size=original);"
        >
          <div
            class="overlay"
          />
        </div>
        <div
          class="destination"
          style="background-image: url(https://img4.farvater.travel/hotelimages/06bf66de-5036-4a6d-b654-47062f1019c4?size=original);"
        >
          <div
            class="overlay"
          />
        </div>
        <div
          class="destination"
          style="background-image: url(https://img4.farvater.travel/hotelimages/2dd413dc-103a-466b-8aec-92787512852e?size=original);"
        >
          <div
            class="overlay"
          />
        </div>
        <div
          class="destination"
          style="background-image: url(https://img4.farvater.travel/hotelimages/b9f17927-676d-4cef-a712-1952885bfba2?size=original);"
        >
          <div
            class="overlay"
          />
        </div>
        <div
          class="destination"
          style="background-image: url(https://img4.farvater.travel/hotelimages/18d16982-34ea-48a2-9068-70f914bfce62?size=original);"
        >
          <div
            class="overlay"
          />
        </div>
        <div
          class="destination"
          style="background-image: url(https://img4.farvater.travel/hotelimages/51b9b64a-1a6b-4b8f-902d-aa088a55e24f?size=original);"
        >
          <div
            class="overlay"
          />
        </div>
        <div
          class="destination"
          style="background-image: url(https://img4.farvater.travel/hotelimages/a7fae15a-1964-462c-bde9-4160d99f9abf?size=original);"
        >
          <div
            class="overlay"
          />
        </div>
        <div
          class="destination"
          style="background-image: url(https://img4.farvater.travel/hotelimages/3b86571d-dbce-4fc1-928d-564cf316dc27?size=original);"
        >
          <div
            class="overlay"
          />
        </div>
        <div
          class="destination"
          style="background-image: url(https://img4.farvater.travel/hotelimages/f326435e-d122-4a18-bd0f-275ba33b411c?size=original);"
        >
          <div
            class="overlay"
          />
        </div>
        <div
          class="destination"
          style="background-image: url(https://img4.farvater.travel/hotelimages/ccfe6423-7d94-4674-8633-af56ebb915f4?size=original);"
        >
          <div
            class="overlay"
          />
        </div>
        <div
          class="destination"
          style="background-image: url(https://img4.farvater.travel/hotelimages/3401272e-35f5-4097-ab97-908a0e001429?size=original);"
        >
          <div
            class="overlay"
          />
        </div>
        <div
          class="destination"
          style="background-image: url(https://img4.farvater.travel/hotelimages/ce673d5a-17c0-40fb-a096-7331b9b0c4f8?size=original);"
        >
          <div
            class="overlay"
          />
        </div>
        <div
          class="destination"
          style="background-image: url(https://img4.farvater.travel/hotelimages/d019690d-bcf9-4556-ae11-8eae78df0be8?size=original);"
        >
          <div
            class="overlay"
          />
        </div>
        <div
          class="destination"
          style="background-image: url(https://img4.farvater.travel/hotelimages/f51c9599-a86c-4d08-9c6e-94bd6a7d92f1?size=original);"
        >
          <div
            class="overlay"
          />
        </div>
        <div
          class="destination"
          style="background-image: url(https://img4.farvater.travel/hotelimages/ded877b2-772f-4f70-81ce-a78b44562052?size=original);"
        >
          <div
            class="overlay"
          />
        </div>
        <div
          class="destination"
          style="background-image: url(https://img4.farvater.travel/hotelimages/be4fd740-0fab-4c30-b224-1529a6b1f3c0?size=original);"
        >
          <div
            class="overlay"
          />
        </div>
        <div
          class="destination"
          style="background-image: url(https://img4.farvater.travel/hotelimages/f1e42aab-c420-41ca-a603-1c647742429a?size=original);"
        >
          <div
            class="overlay"
          />
        </div>
        <div
          class="destination"
          style="background-image: url(https://img4.farvater.travel/hotelimages/6ca8ba16-d7e6-4b8e-8518-9bc7604fb556?size=original);"
        >
          <div
            class="overlay"
          />
        </div>
      </div>
      <div
        aria-hidden="true"
        class="pswp"
        role="dialog"
        tabindex="-1"
      >
        <div
          class="pswp__bg"
        />
        <div
          class="pswp__scroll-wrap"
        >
          <div
            class="pswp__container"
          >
            <div
              class="pswp__item"
            />
            <div
              class="pswp__item"
            />
            <div
              class="pswp__item"
            />
          </div>
          <div
            class="pswp__ui pswp__ui--hidden"
          >
            <div
              class="pswp__top-bar"
            >
              <div
                class="pswp__counter"
              />
              <button
                class="pswp__button pswp__button--close"
                title="Close (Esc)"
                type="button"
              />
              <button
                class="pswp__button pswp__button--share"
                title="Share"
                type="button"
              />
              <button
                class="pswp__button pswp__button--fs"
                title="Toggle fullscreen"
                type="button"
              />
              <button
                class="pswp__button pswp__button--zoom"
                title="Zoom in/out"
                type="button"
              />
              <div
                class="pswp__preloader"
              >
                <div
                  class="pswp__preloader__icn"
                >
                  <div
                    class="pswp__preloader__cut"
                  >
                    <div
                      class="pswp__preloader__donut"
                    />
                  </div>
                </div>
              </div>
            </div>
            <div
              class="pswp__share-modal pswp__share-modal--hidden pswp__single-tap"
            >
              <div
                class="pswp__share-tooltip"
              />
            </div>
            <button
              class="pswp__button pswp__button--arrow--left"
              title="Previous (arrow left)"
              type="button"
            />
            <button
              class="pswp__button pswp__button--arrow--right"
              title="Next (arrow right)"
              type="button"
            />
            <div
              class="pswp__caption"
            >
              <div
                class="pswp__caption__center"
              />
            </div>
          </div>
        </div>
      </div>
    </div>
  </div>,
  "debug": [Function],
  "findAllByAltText": [Function],
  "findAllByDisplayValue": [Function],
  "findAllByLabelText": [Function],
  "findAllByPlaceholderText": [Function],
  "findAllByRole": [Function],
  "findAllByTestId": [Function],
  "findAllByText": [Function],
  "findAllByTitle": [Function],
  "findByAltText": [Function],
  "findByDisplayValue": [Function],
  "findByLabelText": [Function],
  "findByPlaceholderText": [Function],
  "findByRole": [Function],
  "findByTestId": [Function],
  "findByText": [Function],
  "findByTitle": [Function],
  "getAllByAltText": [Function],
  "getAllByDisplayValue": [Function],
  "getAllByLabelText": [Function],
  "getAllByPlaceholderText": [Function],
  "getAllByRole": [Function],
  "getAllByTestId": [Function],
  "getAllByText": [Function],
  "getAllByTitle": [Function],
  "getByAltText": [Function],
  "getByDisplayValue": [Function],
  "getByLabelText": [Function],
  "getByPlaceholderText": [Function],
  "getByRole": [Function],
  "getByTestId": [Function],
  "getByText": [Function],
  "getByTitle": [Function],
  "queryAllByAltText": [Function],
  "queryAllByDisplayValue": [Function],
  "queryAllByLabelText": [Function],
  "queryAllByPlaceholderText": [Function],
  "queryAllByRole": [Function],
  "queryAllByTestId": [Function],
  "queryAllByText": [Function],
  "queryAllByTitle": [Function],
  "queryByAltText": [Function],
  "queryByDisplayValue": [Function],
  "queryByLabelText": [Function],
  "queryByPlaceholderText": [Function],
  "queryByRole": [Function],
  "queryByTestId": [Function],
  "queryByText": [Function],
  "queryByTitle": [Function],
  "rerender": [Function],
  "unmount": [Function],
}
`;
